exports[`test number of boxes equal to synonyms 1`] = `
<div
  className="input-container">
  <div
    className="input-flex-container">
    <div
      className="input-box"
      style={
        Object {
          "background": "white",
        }
      }>
      <input
        className="the-input"
        tabIndex="1" />
    </div>
    <div
      className="input-box"
      style={
        Object {
          "background": "white",
        }
      }>
      <input
        className="the-input"
        tabIndex="1" />
    </div>
  </div>
  <div
    className="submit-button"
    onClick={[Function]}>
     Submit! 
  </div>
</div>
`;

exports[`test number of boxes equal to synonyms 2`] = `
<div
  className="input-container">
  <div
    className="input-flex-container">
    <div
      className="input-box"
      style={
        Object {
          "background": "white",
        }
      }>
      <input
        className="the-input"
        tabIndex="1" />
    </div>
    <div
      className="input-box"
      style={
        Object {
          "background": "white",
        }
      }>
      <input
        className="the-input"
        tabIndex="1" />
    </div>
    <div
      className="input-box"
      style={
        Object {
          "background": "white",
        }
      }>
      <input
        className="the-input"
        tabIndex="1" />
    </div>
    <div
      className="input-box"
      style={
        Object {
          "background": "white",
        }
      }>
      <input
        className="the-input"
        tabIndex="1" />
    </div>
  </div>
  <div
    className="submit-button"
    onClick={[Function]}>
     Submit! 
  </div>
</div>
`;
